---
source: crates/ruff_linter/src/rules/databricks/mod.rs
---
DBX006 Mounts are not supported with Unity Catalog, switch to using Unity Catalog Volumes instead
  --> DBX.py:11:1
   |
10 | # DBX006
11 | dbutils.fs.mount("s3a://bucket", "/mnt/bucket")
   | ^^^^^^^^^^^^^^^^
12 | dbutils.fs.unmount("/mnt/bucket")
   |

DBX006 Mounts are not supported with Unity Catalog, switch to using Unity Catalog Volumes instead
  --> DBX.py:12:1
   |
10 | # DBX006
11 | dbutils.fs.mount("s3a://bucket", "/mnt/bucket")
12 | dbutils.fs.unmount("/mnt/bucket")
   | ^^^^^^^^^^^^^^^^^^
13 |
14 | # DBX007
   |
