---
source: crates/ruff_linter/src/rules/databricks/mod.rs
---
DBX012 Incompatible with Unity Catalog
  --> DBX.py:31:8
   |
30 | # DBX012
31 | import boto3
   |        ^^^^^
32 | s3 = "s3fs"
   |

DBX012 Incompatible with Unity Catalog
  --> DBX.py:32:6
   |
30 | # DBX012
31 | import boto3
32 | s3 = "s3fs"
   |      ^^^^^^
33 |
34 | # DBX013 & DBX014
   |
