---
source: crates/ruff_linter/src/rules/databricks/mod.rs
---
DBX001 Cluster missing `data_security_mode` required for Unity Catalog compatibility
 --> DBX_airflow.py:4:17
  |
2 |   DatabricksCreateJobsOperator(
3 |       task_id="job",
4 |       new_cluster={
  |  _________________^
5 | |         "spark_version": "10.4.x-scala2.12",
6 | |         "node_type_id": "i3.xlarge",
7 | |     }
  | |_____^
8 |   )
  |
