---
source: crates/ruff_linter/src/rules/databricks/mod.rs
---
DBX019 Obscure implicit test dependency with MagicMock(). Rewrite with create_autospec(ConcreteType).
 --> DBX_mocking.py:4:8
  |
3 | # DBX019
4 | mock = MagicMock()
  |        ^^^^^^^^^
5 |
6 | # DBX018
  |

DBX019 Obscure implicit test dependency with MagicMock(). Rewrite with create_autospec(ConcreteType).
  --> DBX_mocking.py:10:1
   |
 9 | # DBX021
10 | MagicMock()
   | ^^^^^^^^^
11 | create_autospec(dict)
12 | patch("os.path.join")
   |
