---
source: crates/ruff_linter/src/rules/databricks/mod.rs
---
DBX021 Mock not assigned to a variable
 --> DBX_mocking.py:7:1
  |
6 | # DBX018
7 | patch("databricks.sdk.WorkspaceClient")
  | ^^^^^^^^^^^^^^^^^^^^^^^^^^^^^^^^^^^^^^^
8 |
9 | # DBX021
  |

DBX021 Mock not assigned to a variable
  --> DBX_mocking.py:10:1
   |
 9 | # DBX021
10 | MagicMock()
   | ^^^^^^^^^^^
11 | create_autospec(dict)
12 | patch("os.path.join")
   |

DBX021 Mock not assigned to a variable
  --> DBX_mocking.py:11:1
   |
 9 | # DBX021
10 | MagicMock()
11 | create_autospec(dict)
   | ^^^^^^^^^^^^^^^^^^^^^
12 | patch("os.path.join")
   |

DBX021 Mock not assigned to a variable
  --> DBX_mocking.py:12:1
   |
10 | MagicMock()
11 | create_autospec(dict)
12 | patch("os.path.join")
   | ^^^^^^^^^^^^^^^^^^^^^
   |
